3 1
safe
3 3
2 462334
0 401925
0 402106
1 473805
2 558354
5 377535
2 511522
0 490645
3 479960
2 498480
0 513186
2 508917
7 495244
1 494928
8 449957
