11
24
43
4
49
0
45
2302
4435
4389
4326
1170
11413
35720
3262
47881
29744
